Usuario@DESKTOP-ONII1F7 MINGW64 ~/Desktop/repaso git/LIBRO GIT 2 (master)
$ git clone https://github.com/paitelo/repaso_TP2
Cloning into 'repaso_TP2'...
remote: Enumerating objects: 18, done.
remote: Counting objects: 100% (18/18), done.
remote: Compressing objects: 100% (13/13), done.
remote: Total 18 (delta 2), reused 18 (delta 2), pack-reused 0
Receiving objects: 100% (18/18), done.
Resolving deltas: 100% (2/2), done.

Usuario@DESKTOP-ONII1F7 MINGW64 ~/Desktop/repaso git/LIBRO GIT 2 (master)
$ cd repaso_tp2

Usuario@DESKTOP-ONII1F7 MINGW64 ~/Desktop/repaso git/LIBRO GIT 2/repaso_tp2 (main)
$



Usuario@DESKTOP-ONII1F7 MINGW64 ~/Desktop/repaso git (master)
$ git remote add origin https://github.com/paitelo/repaso_TP2

Usuario@DESKTOP-ONII1F7 MINGW64 ~/Desktop/repaso git (master)
$ git branch -M main

Usuario@DESKTOP-ONII1F7 MINGW64 ~/Desktop/repaso git (main)
$ git clone https://github.com/paitelo/repaso_TP2
Cloning into 'repaso_TP2'...
remote: Enumerating objects: 18, done.
remote: Counting objects: 100% (18/18), done.
remote: Compressing objects: 100% (13/13), done.
remote: Total 18 (delta 2), reused 18 (delta 2), pack-reused 0
Receiving objects: 100% (18/18), done.
Resolving deltas: 100% (2/2), done.

Usuario@DESKTOP-ONII1F7 MINGW64 ~/Desktop/repaso git (main)
$ git push -u origin main
error: src refspec main does not match any
error: failed to push some refs to 'https://github.com/paitelo/repaso_TP2'

Usuario@DESKTOP-ONII1F7 MINGW64 ~/Desktop/repaso git (main)
$ git push -u origin main https://github.com/paitelo/repaso_TP2
fatal: invalid refspec 'https://github.com/paitelo/repaso_TP2'

Usuario@DESKTOP-ONII1F7 MINGW64 ~/Desktop/repaso git (main)
$ git status
On branch main

No commits yet

Untracked files:
  (use "git add <file>..." to include in what will be committed)
        LIBRO GIT 2/
        repaso_TP2/

nothing added to commit but untracked files present (use "git add" to track)

Usuario@DESKTOP-ONII1F7 MINGW64 ~/Desktop/repaso git (main)
$ git pull
remote: Enumerating objects: 18, done.
remote: Counting objects: 100% (18/18), done.
remote: Compressing objects: 100% (13/13), done.
remote: Total 18 (delta 2), reused 18 (delta 2), pack-reused 0
Unpacking objects: 100% (18/18), 1.75 KiB | 4.00 KiB/s, done.
From https://github.com/paitelo/repaso_TP2
 * [new branch]      main       -> origin/main
There is no tracking information for the current branch.
Please specify which branch you want to merge with.
See git-pull(1) for details.

    git pull <remote> <branch>

If you wish to set tracking information for this branch you can do so with:

    git branch --set-upstream-to=origin/<branch> main


Usuario@DESKTOP-ONII1F7 MINGW64 ~/Desktop/repaso git (main)
$ git status
On branch main

No commits yet

Untracked files:
  (use "git add <file>..." to include in what will be committed)
        LIBRO GIT 2/
        repaso_TP2/

nothing added to commit but untracked files present (use "git add" to track)

Usuario@DESKTOP-ONII1F7 MINGW64 ~/Desktop/repaso git (main)
$ cd repaso_tp2

Usuario@DESKTOP-ONII1F7 MINGW64 ~/Desktop/repaso git/repaso_tp2 (main)
$ git add .

Usuario@DESKTOP-ONII1F7 MINGW64 ~/Desktop/repaso git/repaso_tp2 (main)
$ git status
On branch main
Your branch is up to date with 'origin/main'.

nothing to commit, working tree clean

Usuario@DESKTOP-ONII1F7 MINGW64 ~/Desktop/repaso git/repaso_tp2 (main)
$


Usuario@DESKTOP-ONII1F7 MINGW64 ~/Desktop/repaso git/LIBRO GIT 2 (master)
$ git init
Initialized empty Git repository in C:/Users/Usuario/Desktop/repaso git/LIBRO GIT 2/.git/

Usuario@DESKTOP-ONII1F7 MINGW64 ~/Desktop/repaso git/LIBRO GIT 2 (master)
$ git status
On branch master

No commits yet

nothing to commit (create/copy files and use "git add" to track)

Usuario@DESKTOP-ONII1F7 MINGW64 ~/Desktop/repaso git/LIBRO GIT 2 (master)
$ git status
On branch master

No commits yet

Untracked files:
  (use "git add <file>..." to include in what will be committed)
        INDICE.txt

nothing added to commit but untracked files present (use "git add" to track)

Usuario@DESKTOP-ONII1F7 MINGW64 ~/Desktop/repaso git/LIBRO GIT 2 (master)
$ git add "INDICE.txt"

Usuario@DESKTOP-ONII1F7 MINGW64 ~/Desktop/repaso git/LIBRO GIT 2 (master)
$ git status
On branch master

No commits yet

Changes to be committed:
  (use "git rm --cached <file>..." to unstage)
        new file:   INDICE.txt


Usuario@DESKTOP-ONII1F7 MINGW64 ~/Desktop/repaso git/LIBRO GIT 2 (master)
$ git commit -m "Añadido INDICE.txt"
[master (root-commit) aee40b9] Añadido INDICE.txt
 1 file changed, 3 insertions(+)
 create mode 100644 INDICE.txt

Usuario@DESKTOP-ONII1F7 MINGW64 ~/Desktop/repaso git/LIBRO GIT 2 (master)
$ git status
On branch master
nothing to commit, working tree clean

Usuario@DESKTOP-ONII1F7 MINGW64 ~/Desktop/repaso git/LIBRO GIT 2 (master)
$ git diff
diff --git a/INDICE.txt b/INDICE.txt
index 8142b7e..a061fbc 100644
--- a/INDICE.txt
+++ b/INDICE.txt
@@ -1,3 +1,4 @@
 Capítulo 1: Introducción a Git
 Capítulo 2: Flujo de trabajo básico
+Capítulo 3: Gestión de ramas
 Capítulo 3: Repositorios remotos
\ No newline at end of file

Usuario@DESKTOP-ONII1F7 MINGW64 ~/Desktop/repaso git/LIBRO GIT 2 (master)
$ git add.
git: 'add.' is not a git command. See 'git --help'.

The most similar command is
        add

Usuario@DESKTOP-ONII1F7 MINGW64 ~/Desktop/repaso git/LIBRO GIT 2 (master)
$ git add .

Usuario@DESKTOP-ONII1F7 MINGW64 ~/Desktop/repaso git/LIBRO GIT 2 (master)
$ git commit -m "Añadido capítulo 3 sobre gestión de ramas"
[master 3aa446e] Añadido capítulo 3 sobre gestión de ramas
 1 file changed, 1 insertion(+)

Usuario@DESKTOP-ONII1F7 MINGW64 ~/Desktop/repaso git/LIBRO GIT 2 (master)
$ git log
commit 3aa446ecfaa6f0c196fd828de7b7d585a88e86ad (HEAD -> master)
Author: Romina <ladireostende@gmail.com>
Date:   Wed Oct 20 20:52:46 2021 -0300

    Añadido capítulo 3 sobre gestión de ramas

commit aee40b9baeb6d01cc30e09e7ff17514c39f83e29
Author: Romina <ladireostende@gmail.com>
Date:   Wed Oct 20 20:48:44 2021 -0300

    Añadido INDICE.txt

Usuario@DESKTOP-ONII1F7 MINGW64 ~/Desktop/repaso git/LIBRO GIT 2 (master)
$ git add "Capítulo1.txt"
fatal: pathspec 'Capítulo1.txt' did not match any files

Usuario@DESKTOP-ONII1F7 MINGW64 ~/Desktop/repaso git/LIBRO GIT 2 (master)
$ git add "CapitulosLibroGit/Capítulo1.txt"
fatal: pathspec 'CapitulosLibroGit/Capítulo1.txt' did not match any files

Usuario@DESKTOP-ONII1F7 MINGW64 ~/Desktop/repaso git/LIBRO GIT 2 (master)
$ git status
On branch master
Untracked files:
  (use "git add <file>..." to include in what will be committed)
        "Cap\303\255tulos Libro Git/"

nothing added to commit but untracked files present (use "git add" to track)

Usuario@DESKTOP-ONII1F7 MINGW64 ~/Desktop/repaso git/LIBRO GIT 2 (master)
$ git add .

Usuario@DESKTOP-ONII1F7 MINGW64 ~/Desktop/repaso git/LIBRO GIT 2 (master)
$ git add "Capítulos Libro Git/Capítulo1.txt"

Usuario@DESKTOP-ONII1F7 MINGW64 ~/Desktop/repaso git/LIBRO GIT 2 (master)
$ git commit -m "Añadido capítulo 1"
[master e1c88f7] Añadido capítulo 1
 1 file changed, 1 insertion(+)
 create mode 100644 "Cap\303\255tulos Libro Git/Cap\303\255tulo1.txt"

Usuario@DESKTOP-ONII1F7 MINGW64 ~/Desktop/repaso git/LIBRO GIT 2 (master)
$ git log
commit e1c88f7daa18c61b86cc4eee5d6a15b71f9c6bee (HEAD -> master)
Author: Romina <ladireostende@gmail.com>
Date:   Wed Oct 20 21:02:12 2021 -0300

    Añadido capítulo 1

commit 3aa446ecfaa6f0c196fd828de7b7d585a88e86ad
Author: Romina <ladireostende@gmail.com>
Date:   Wed Oct 20 20:52:46 2021 -0300

    Añadido capítulo 3 sobre gestión de ramas

commit aee40b9baeb6d01cc30e09e7ff17514c39f83e29
Author: Romina <ladireostende@gmail.com>
Date:   Wed Oct 20 20:48:44 2021 -0300

    Añadido INDICE.txt

Usuario@DESKTOP-ONII1F7 MINGW64 ~/Desktop/repaso git/LIBRO GIT 2 (master)
$ git add .

Usuario@DESKTOP-ONII1F7 MINGW64 ~/Desktop/repaso git/LIBRO GIT 2 (master)
$ git commit -m "Añadido capítulo 2"
[master 1088e21] Añadido capítulo 2
 1 file changed, 1 insertion(+)
 create mode 100644 "Cap\303\255tulos Libro Git/Cap\303\255tulo2.txt"

Usuario@DESKTOP-ONII1F7 MINGW64 ~/Desktop/repaso git/LIBRO GIT 2 (master)
$ git log
commit 1088e21167423d52b6ef0503065fce8aeaa4aa7e (HEAD -> master)
Author: Romina <ladireostende@gmail.com>
Date:   Wed Oct 20 21:06:10 2021 -0300

    Añadido capítulo 2

commit e1c88f7daa18c61b86cc4eee5d6a15b71f9c6bee
Author: Romina <ladireostende@gmail.com>
Date:   Wed Oct 20 21:02:12 2021 -0300

    Añadido capítulo 1

commit 3aa446ecfaa6f0c196fd828de7b7d585a88e86ad
Author: Romina <ladireostende@gmail.com>
Date:   Wed Oct 20 20:52:46 2021 -0300

    Añadido capítulo 3 sobre gestión de ramas

commit aee40b9baeb6d01cc30e09e7ff17514c39f83e29
Author: Romina <ladireostende@gmail.com>
Date:   Wed Oct 20 20:48:44 2021 -0300

    Añadido INDICE.txt

Usuario@DESKTOP-ONII1F7 MINGW64 ~/Desktop/repaso git/LIBRO GIT 2 (master)
$ git HEAD..HEAD~2
git: 'HEAD..HEAD~2' is not a git command. See 'git --help'.

Usuario@DESKTOP-ONII1F7 MINGW64 ~/Desktop/repaso git/LIBRO GIT 2 (master)
$ git HEAD  HEAD~2
git: 'HEAD' is not a git command. See 'git --help'.

Usuario@DESKTOP-ONII1F7 MINGW64 ~/Desktop/repaso git/LIBRO GIT 2 (master)
$ git diff

Usuario@DESKTOP-ONII1F7 MINGW64 ~/Desktop/repaso git/LIBRO GIT 2 (master)
$ git diff HEAD..HEAD~2
diff --git "a/Cap\303\255tulos Libro Git/Cap\303\255tulo1.txt" "b/Cap\303\255tulos Libro Git/Cap\303\255tulo1.txt"
deleted file mode 100644
index 81e8fd4..0000000
--- "a/Cap\303\255tulos Libro Git/Cap\303\255tulo1.txt"
+++ /dev/null
@@ -1 +0,0 @@
-Git es un sistema de control de versiones ideado por Linus Torvalds
\ No newline at end of file
diff --git "a/Cap\303\255tulos Libro Git/Cap\303\255tulo2.txt" "b/Cap\303\255tulos Libro Git/Cap\303\255tulo2.txt"
deleted file mode 100644
index aeb3f33..0000000
--- "a/Cap\303\255tulos Libro Git/Cap\303\255tulo2.txt"
+++ /dev/null
@@ -1 +0,0 @@
-El flujo de trabajo básico con Git consiste en: 1- Hacer cambios en el repositorio. 2- Añadir los cambios a la zona de intercambio temporal. 3- Hacer un commit de los cambios.
\ No newline at end of file

Usuario@DESKTOP-ONII1F7 MINGW64 ~/Desktop/repaso git/LIBRO GIT 2 (master)
$ git add .

Usuario@DESKTOP-ONII1F7 MINGW64 ~/Desktop/repaso git/LIBRO GIT 2 (master)
$ git commit -m "Añadido Capítulo 3"
[master 3adae0b] Añadido Capítulo 3
 1 file changed, 1 insertion(+)
 create mode 100644 "Cap\303\255tulos Libro Git/Cap\303\255tulo3.txt"

Usuario@DESKTOP-ONII1F7 MINGW64 ~/Desktop/repaso git/LIBRO GIT 2 (master)
$ git log
commit 3adae0b7ca60c7cdb15d35654516db3804cb1248 (HEAD -> master)
Author: Romina <ladireostende@gmail.com>
Date:   Wed Oct 20 21:18:06 2021 -0300

    Añadido Capítulo 3

commit 1088e21167423d52b6ef0503065fce8aeaa4aa7e
Author: Romina <ladireostende@gmail.com>
Date:   Wed Oct 20 21:06:10 2021 -0300

    Añadido capítulo 2

commit e1c88f7daa18c61b86cc4eee5d6a15b71f9c6bee
Author: Romina <ladireostende@gmail.com>
Date:   Wed Oct 20 21:02:12 2021 -0300

    Añadido capítulo 1

commit 3aa446ecfaa6f0c196fd828de7b7d585a88e86ad
Author: Romina <ladireostende@gmail.com>
Date:   Wed Oct 20 20:52:46 2021 -0300

    Añadido capítulo 3 sobre gestión de ramas

Usuario@DESKTOP-ONII1F7 MINGW64 ~/Desktop/repaso git/LIBRO GIT 2 (master)
$ git diff  e1c88f7daa18c61b86cc4eee5d6a15b71f9c6bee.. 3adae0b7ca60c7cdb15d35654516db3804cb1248
usage: git diff [<options>] [<commit>] [--] [<path>...]
   or: git diff [<options>] --cached [--merge-base] [<commit>] [--] [<path>...]
   or: git diff [<options>] [--merge-base] <commit> [<commit>...] <commit> [--] [<path>...]
   or: git diff [<options>] <commit>...<commit>] [--] [<path>...]
   or: git diff [<options>] <blob> <blob>]
   or: git diff [<options>] --no-index [--] <path> <path>]

common diff options:
  -z            output diff-raw with lines terminated with NUL.
  -p            output patch format.
  -u            synonym for -p.
  --patch-with-raw
                output both a patch and the diff-raw format.
  --stat        show diffstat instead of patch.
  --numstat     show numeric diffstat instead of patch.
  --patch-with-stat
                output a patch and prepend its diffstat.
  --name-only   show only names of changed files.
  --name-status show names and status of changed files.
  --full-index  show full object name on index lines.
  --abbrev=<n>  abbreviate object names in diff-tree header and diff-raw.
  -R            swap input file pairs.

Usuario@DESKTOP-ONII1F7 MINGW64 ~/Desktop/repaso git/LIBRO GIT 2 (master)
$ git diff 3aa446ecfaa6f0c196fd828de7b7d585a88e86ad  3adae0b7ca60c7cdb15d35654516db3804cb1248
diff --git "a/Cap\303\255tulos Libro Git/Cap\303\255tulo1.txt" "b/Cap\303\255tulos Libro Git/Cap\303\255tulo1.txt"
new file mode 100644
index 0000000..81e8fd4
--- /dev/null
+++ "b/Cap\303\255tulos Libro Git/Cap\303\255tulo1.txt"
@@ -0,0 +1 @@
+Git es un sistema de control de versiones ideado por Linus Torvalds
\ No newline at end of file
diff --git "a/Cap\303\255tulos Libro Git/Cap\303\255tulo2.txt" "b/Cap\303\255tulos Libro Git/Cap\303\255tulo2.txt"
new file mode 100644
index 0000000..aeb3f33
--- /dev/null
+++ "b/Cap\303\255tulos Libro Git/Cap\303\255tulo2.txt"
@@ -0,0 +1 @@
+El flujo de trabajo básico con Git consiste en: 1- Hacer cambios en el repositorio. 2- Añadir los cambios a la zona de intercambio temporal. 3- Hacer un commit de los cambios.
\ No newline at end of file
diff --git "a/Cap\303\255tulos Libro Git/Cap\303\255tulo3.txt" "b/Cap\303\255tulos Libro Git/Cap\303\255tulo3.txt"
new file mode 100644

Usuario@DESKTOP-ONII1F7 MINGW64 ~/Desktop/repaso git/LIBRO GIT 2 (master)
$

